
There are no discarded input sections

Memory Configuration

Name             Origin             Length             Attributes
_sysmem          0x0000000080000000 0x0000000008000000 axw!rl
*default*        0x0000000000000000 0xffffffffffffffff

Linker script and memory map


.text           0x0000000080000000     0x3ef0
                0x0000000080000000                PROVIDE (_mmap_text_start = ABSOLUTE (.))
 *(.text.entry)
 .text.entry    0x0000000080000000      0x16c .build/bootstrap_asm.o
                0x0000000080000074                __noop
 *(.text .text.*)
 .text          0x000000008000016c      0x27a .build/create.o
                0x000000008000016c                wrapper
                0x00000000800001e8                create_thread
 .text          0x00000000800003e6      0x168 .build/initialize.o
                0x00000000800003e6                initialize
 .text          0x000000008000054e       0xde .build/traps.o
                0x000000008000054e                __sys_capture_syscall
                0x000000008000055c                raise_syscall
                0x00000000800005a8                handle_exception
 .text          0x000000008000062c       0xa2 .build/join.o
                0x000000008000062c                join_thread
 .text          0x00000000800006ce       0xc0 .build/kill.o
                0x00000000800006ce                kill_thread
 .text          0x000000008000078e       0x70 .build/resume.o
                0x000000008000078e                resume_thread
 .text          0x00000000800007fe      0x118 .build/resched.o
                0x00000000800007fe                resched
 .text          0x0000000080000916       0x8c .build/suspend.o
                0x0000000080000916                suspend_thread
 .text          0x00000000800009a2        0x0 .build/mmap.o
 .text          0x00000000800009a2      0x2b0 .build/uart.o
                0x00000000800009a2                __sys_putc
                0x00000000800009e8                __sys_getc
                0x0000000080000a4a                uart_putc
                0x0000000080000a76                uart_getc
                0x0000000080000a96                set_uart_interrupt
                0x0000000080000b08                uart_handler
                0x0000000080000b5a                uart_init
 .text          0x0000000080000c52       0xa0 .build/plic.o
                0x0000000080000c52                plic_init
                0x0000000080000c7e                handle_plic
 .text          0x0000000080000cf2       0xce .build/timer.o
                0x0000000080000cf2                clk_init
                0x0000000080000d1e                handle_clk
 .text          0x0000000080000dc0       0xfa .build/echo.o
                0x0000000080000dc0                builtin_echo
 .text          0x0000000080000eba       0x50 .build/hello.o
                0x0000000080000eba                builtin_hello
 .text          0x0000000080000f0a      0x244 .build/shell.o
                0x0000000080000f0a                command_check
                0x0000000080000f7a                shell
 .text          0x000000008000114e      0x698 .build/msutil.o
                0x000000008000114e                _prep_stdin
                0x00000000800011b0                syscall_tester
                0x00000000800011fe                getc_tester
                0x000000008000126a                putc_tester
                0x000000008000131e                _psudoprint
                0x0000000080001360                __clear_string
                0x00000000800013f2                __test_template
                0x000000008000150c                __test_string
                0x00000000800015b4                _copy_string
                0x00000000800015f8                _copy_hex
                0x00000000800016f4                _copy_dec
 .text          0x00000000800017e6     0x1250 .build/ms3.o
                0x00000000800017e6                __ms3_reset_threads
                0x0000000080001834                _ms_protoresume
                0x000000008000185e                __ms3_t1
                0x0000000080001872                __ms3_t2
                0x0000000080001942                __ms3_t3
                0x0000000080001a30                __ms3_t4
                0x0000000080001b8a                __ms3_suspend_tester
                0x0000000080001dae                __ms3_resume_tester
                0x0000000080002014                __ms3_join_tester
                0x00000000800022f8                __ms3_resched_tester
                0x000000008000246a                __ms3_shell_tester
                0x00000000800025d4                __ms3_runner
                0x000000008000297c                __ms3
 .text          0x0000000080002a36      0x720 .build/ms1.o
                0x0000000080002a36                __ms1
 .text          0x0000000080003156      0x7f0 .build/ms2.o
                0x0000000080003156                __ms2
 .text          0x0000000080003946       0x9a .build/barelib.o
                0x0000000080003946                memset
                0x0000000080003992                memcpy
 .text          0x00000000800039e0      0x1ee .build/printf.o
                0x00000000800039e0                convert_to_hex_or_dec
                0x0000000080003a64                printf
 .text          0x0000000080003bce       0x20 .build/interrupts_asm.o
                0x0000000080003bce                set_interrupt
                0x0000000080003bd4                disable_interrupts
                0x0000000080003bda                enable_interrupts
                0x0000000080003be0                restore_interrupts
                0x0000000080003be6                is_interrupting
 .text          0x0000000080003bee      0x116 .build/ctxsw_asm.o
                0x0000000080003bee                _sys_thread_loaded
                0x0000000080003bf2                ctxsw
                0x0000000080003cec                ctxload
 .text          0x0000000080003d04      0x1ec .build/msutil_asm.o
                0x0000000080003e04                _ms_recovery_status
                0x0000000080003e08                _ms_recover
                0x0000000080003e12                _ms_safe_call
 .text          0x0000000080003ef0        0x0 .build/bootstrap_asm.o
                0x0000000080003ef0                . = ALIGN (0x4)
                0x0000000080003ef0                PROVIDE (_mmap_text_end = ABSOLUTE (.))

.rodata         0x0000000080004000     0x1c53
                0x0000000080004000                PROVIDE (_mmap_data_start = ABSOLUTE (.))
 *(.srodata .srodata.*)
 .srodata       0x0000000080004000        0x4 .build/timer.o
                0x0000000080004000                timer_interval
 *(.rodata .rodata.*)
 *fill*         0x0000000080004004        0x4 
 .rodata        0x0000000080004008       0x7d .build/initialize.o
 *fill*         0x0000000080004085        0x3 
 .rodata        0x0000000080004088        0x4 .build/echo.o
 *fill*         0x000000008000408c        0x4 
 .rodata        0x0000000080004090       0x26 .build/hello.o
 *fill*         0x00000000800040b6        0x2 
 .rodata        0x00000000800040b8       0x39 .build/shell.o
 *fill*         0x00000000800040f1        0x7 
 .rodata        0x00000000800040f8      0xaf1 .build/ms3.o
 *fill*         0x0000000080004be9        0x7 
 .rodata        0x0000000080004bf0      0x74b .build/ms1.o
 *fill*         0x000000008000533b        0x5 
 .rodata        0x0000000080005340      0x913 .build/ms2.o

.eh_frame       0x0000000080005c58      0x9bc
 .eh_frame      0x0000000080005c58       0x70 .build/create.o
 .eh_frame      0x0000000080005cc8       0x30 .build/initialize.o
                                         0x40 (size before relaxing)
 .eh_frame      0x0000000080005cf8       0xb8 .build/traps.o
                                         0xc8 (size before relaxing)
 .eh_frame      0x0000000080005db0       0x28 .build/join.o
                                         0x40 (size before relaxing)
 .eh_frame      0x0000000080005dd8       0x28 .build/kill.o
                                         0x40 (size before relaxing)
 .eh_frame      0x0000000080005e00       0x28 .build/resume.o
                                         0x40 (size before relaxing)
 .eh_frame      0x0000000080005e28       0x30 .build/resched.o
                                         0x40 (size before relaxing)
 .eh_frame      0x0000000080005e58       0x28 .build/suspend.o
                                         0x40 (size before relaxing)
 .eh_frame      0x0000000080005e80      0x110 .build/uart.o
                                        0x120 (size before relaxing)
 .eh_frame      0x0000000080005f90       0x90 .build/plic.o
                                         0xa8 (size before relaxing)
 .eh_frame      0x0000000080006020       0x90 .build/timer.o
                                         0xa8 (size before relaxing)
 .eh_frame      0x00000000800060b0       0x30 .build/echo.o
                                         0x40 (size before relaxing)
 .eh_frame      0x00000000800060e0       0x28 .build/hello.o
                                         0x40 (size before relaxing)
 .eh_frame      0x0000000080006108       0x48 .build/shell.o
                                         0x58 (size before relaxing)
 .eh_frame      0x0000000080006150      0x1b0 .build/msutil.o
                                        0x1c0 (size before relaxing)
 .eh_frame      0x0000000080006300      0x218 .build/ms3.o
                                        0x228 (size before relaxing)
 .eh_frame      0x0000000080006518       0x30 .build/ms1.o
                                         0x40 (size before relaxing)
 .eh_frame      0x0000000080006548       0x30 .build/ms2.o
                                         0x40 (size before relaxing)
 .eh_frame      0x0000000080006578       0x48 .build/barelib.o
                                         0x60 (size before relaxing)
 .eh_frame      0x00000000800065c0       0x54 .build/printf.o
                                         0x68 (size before relaxing)

.rela.dyn       0x0000000080006618        0x0
 .rela.sdata    0x0000000080006618        0x0 .build/create.o
 .rela.text.entry
                0x0000000080006618        0x0 .build/create.o

.data           0x0000000080006618      0x200
                [!provide]                        PROVIDE (_mmap_write_start = ABSOLUTE (.))
 *(.sdata .sdata.*)
 .sdata         0x0000000080006618       0x14 .build/traps.o
                0x0000000080006618                syscall_table
                0x0000000080006620                sys_syscall_hook
 *fill*         0x000000008000662c        0x4 
 .sdata         0x0000000080006630       0x38 .build/mmap.o
                0x0000000080006630                text_start
                0x0000000080006638                text_end
                0x0000000080006640                data_start
                0x0000000080006648                data_end
                0x0000000080006650                bss_start
                0x0000000080006658                mem_start
                0x0000000080006660                mem_end
 .sdata         0x0000000080006668       0x10 .build/uart.o
                0x0000000080006668                sys_putc_hook
                0x0000000080006670                sys_getc_hook
 .sdata         0x0000000080006678        0x8 .build/timer.o
                0x0000000080006678                clint_timer_addr
 .sdata         0x0000000080006680        0xc .build/msutil.o
                0x0000000080006680                __ms_stdout_expects
                0x0000000080006684                __ms_stdin_expects
                0x0000000080006688                __ms_syscall_expects
 *fill*         0x000000008000668c        0x4 
 .sdata         0x0000000080006690        0x8 .build/ms3.o
                0x0000000080006690                __ms3_general_tests
 *(.data .data.*)
 .data          0x0000000080006698        0x0 .build/create.o
 .data          0x0000000080006698        0x0 .build/initialize.o
 .data          0x0000000080006698        0x0 .build/traps.o
 .data          0x0000000080006698        0x0 .build/join.o
 .data          0x0000000080006698        0x0 .build/kill.o
 .data          0x0000000080006698        0x0 .build/resume.o
 .data          0x0000000080006698        0x0 .build/resched.o
 .data          0x0000000080006698        0x0 .build/suspend.o
 .data          0x0000000080006698        0x0 .build/mmap.o
 .data          0x0000000080006698        0x0 .build/uart.o
 .data          0x0000000080006698        0x0 .build/plic.o
 .data          0x0000000080006698        0x0 .build/timer.o
 .data          0x0000000080006698        0x0 .build/echo.o
 .data          0x0000000080006698        0x0 .build/hello.o
 .data          0x0000000080006698        0x0 .build/shell.o
 .data          0x0000000080006698        0x0 .build/msutil.o
 .data          0x0000000080006698       0x98 .build/ms3.o
                0x0000000080006698                __ms3_suspend_tests
                0x00000000800066b0                __ms3_resume_tests
                0x00000000800066c8                __ms3_join_tests
                0x00000000800066e0                __ms3_resched_tests
                0x0000000080006708                __ms3_shell_tests
 .data          0x0000000080006730       0x58 .build/ms1.o
                0x0000000080006730                __ms1_general_tests
                0x0000000080006740                __ms1_printf_tests
                0x0000000080006760                __ms1_init_tests
 .data          0x0000000080006788       0x90 .build/ms2.o
                0x0000000080006788                __ms2_general_tests
                0x00000000800067a0                __ms2_echo_tests
                0x00000000800067c8                __ms2_hello_tests
                0x00000000800067e8                __ms2_shell_tests
 .data          0x0000000080006818        0x0 .build/barelib.o
 .data          0x0000000080006818        0x0 .build/printf.o
 .data          0x0000000080006818        0x0 .build/interrupts_asm.o
 .data          0x0000000080006818        0x0 .build/ctxsw_asm.o
 .data          0x0000000080006818        0x0 .build/msutil_asm.o
 .data          0x0000000080006818        0x0 .build/bootstrap_asm.o
                0x0000000080006818                PROVIDE (_mmap_data_end = ABSOLUTE (.))

.bss            0x0000000080006818      0xc78
                0x0000000080006818                PROVIDE (_mmap_bss_start = ABSOLUTE (.))
 *(.sbss .sbss.*)
 .sbss          0x0000000080006818        0x4 .build/create.o
                0x0000000080006818                current_thread
 .sbss          0x000000008000681c        0x4 .build/initialize.o
                0x000000008000681c                boot_complete
 .sbss          0x0000000080006820        0x4 .build/shell.o
                0x0000000080006820                result
 *fill*         0x0000000080006824        0x4 
 .sbss          0x0000000080006828       0x18 .build/msutil.o
                0x0000000080006828                __ms_stdout_search
                0x0000000080006830                oldhook_out
                0x0000000080006838                oldhook_in
 .sbss          0x0000000080006840        0xa .build/ms3.o
                0x0000000080006840                __ms3_general
                0x0000000080006848                __ms3_t2_validator
                0x0000000080006849                __ms3_t3_validator
 *(.bss .bss.*)
 *fill*         0x000000008000684a        0x6 
 .bss           0x0000000080006850      0x2a0 .build/create.o
                0x0000000080006850                thread_table
 .bss           0x0000000080006af0        0x0 .build/initialize.o
 .bss           0x0000000080006af0        0x4 .build/traps.o
 .bss           0x0000000080006af4        0x0 .build/join.o
 .bss           0x0000000080006af4        0x0 .build/kill.o
 .bss           0x0000000080006af4        0x0 .build/resume.o
 .bss           0x0000000080006af4        0x0 .build/resched.o
 .bss           0x0000000080006af4        0x0 .build/suspend.o
 .bss           0x0000000080006af4        0x0 .build/mmap.o
 *fill*         0x0000000080006af4        0x4 
 .bss           0x0000000080006af8       0x10 .build/uart.o
 .bss           0x0000000080006b08        0x0 .build/plic.o
 .bss           0x0000000080006b08        0x0 .build/timer.o
 .bss           0x0000000080006b08        0x0 .build/echo.o
 .bss           0x0000000080006b08        0x0 .build/hello.o
 .bss           0x0000000080006b08        0x0 .build/shell.o
 .bss           0x0000000080006b08      0x808 .build/msutil.o
 .bss           0x0000000080007310       0x98 .build/ms3.o
                0x0000000080007310                __ms3_suspend
                0x0000000080007328                __ms3_resume
                0x0000000080007340                __ms3_join
                0x0000000080007358                __ms3_resched
                0x0000000080007380                __ms3_shell
 .bss           0x00000000800073a8       0x58 .build/ms1.o
                0x00000000800073a8                __ms1_general
                0x00000000800073b8                __ms1_printf
                0x00000000800073d8                __ms1_init
 .bss           0x0000000080007400       0x90 .build/ms2.o
                0x0000000080007400                __ms2_general
                0x0000000080007418                __ms2_echo
                0x0000000080007440                __ms2_hello
                0x0000000080007460                __ms2_shell
 .bss           0x0000000080007490        0x0 .build/barelib.o
 .bss           0x0000000080007490        0x0 .build/printf.o
 .bss           0x0000000080007490        0x0 .build/interrupts_asm.o
 .bss           0x0000000080007490        0x0 .build/ctxsw_asm.o
 .bss           0x0000000080007490        0x0 .build/msutil_asm.o
 .bss           0x0000000080007490        0x0 .build/bootstrap_asm.o
                [!provide]                        PROVIDE (_mmap_bss_end = ABSOLUTE (.))
                0x000000008000f490                . = (. + 0x8000)
                0x000000008000f490                PROVIDE (_mmap_kstack_top = ABSOLUTE (.))
                0x0000000080010490                . = (. + 0x1000)
                0x0000000080004800                PROVIDE (_mmap_global_ptr = (_mmap_data_start + 0x800))
                0x0000000080010490                PROVIDE (_mmap_mem_start = ABSOLUTE (.))
                0x0000000087ffffff                PROVIDE (_mmap_mem_end = ((ORIGIN (_sysmem) + LENGTH (_sysmem)) - 0x1))
LOAD .build/create.o
LOAD .build/initialize.o
LOAD .build/traps.o
LOAD .build/join.o
LOAD .build/kill.o
LOAD .build/resume.o
LOAD .build/resched.o
LOAD .build/suspend.o
LOAD .build/mmap.o
LOAD .build/uart.o
LOAD .build/plic.o
LOAD .build/timer.o
LOAD .build/echo.o
LOAD .build/hello.o
LOAD .build/shell.o
LOAD .build/msutil.o
LOAD .build/ms3.o
LOAD .build/ms1.o
LOAD .build/ms2.o
LOAD .build/barelib.o
LOAD .build/printf.o
LOAD .build/interrupts_asm.o
LOAD .build/ctxsw_asm.o
LOAD .build/msutil_asm.o
LOAD .build/bootstrap_asm.o
OUTPUT(.build/kernel.elf elf64-littleriscv)

.debug_info     0x0000000000000000     0x2e84
 .debug_info    0x0000000000000000      0x2a6 .build/create.o
 .debug_info    0x00000000000002a6      0x252 .build/initialize.o
 .debug_info    0x00000000000004f8      0x158 .build/traps.o
 .debug_info    0x0000000000000650      0x186 .build/join.o
 .debug_info    0x00000000000007d6      0x19a .build/kill.o
 .debug_info    0x0000000000000970      0x17b .build/resume.o
 .debug_info    0x0000000000000aeb      0x175 .build/resched.o
 .debug_info    0x0000000000000c60      0x17b .build/suspend.o
 .debug_info    0x0000000000000ddb      0x134 .build/mmap.o
 .debug_info    0x0000000000000f0f      0x27b .build/uart.o
 .debug_info    0x000000000000118a       0xe5 .build/plic.o
 .debug_info    0x000000000000126f      0x168 .build/timer.o
 .debug_info    0x00000000000013d7      0x168 .build/echo.o
 .debug_info    0x000000000000153f       0xc7 .build/hello.o
 .debug_info    0x0000000000001606      0x235 .build/shell.o
 .debug_info    0x000000000000183b      0x4e1 .build/msutil.o
 .debug_info    0x0000000000001d1c      0x6ed .build/ms3.o
 .debug_info    0x0000000000002409      0x38a .build/ms1.o
 .debug_info    0x0000000000002793      0x3d7 .build/ms2.o
 .debug_info    0x0000000000002b6a       0xcd .build/barelib.o
 .debug_info    0x0000000000002c37      0x1aa .build/printf.o
 .debug_info    0x0000000000002de1       0x28 .build/interrupts_asm.o
 .debug_info    0x0000000000002e09       0x29 .build/ctxsw_asm.o
 .debug_info    0x0000000000002e32       0x29 .build/msutil_asm.o
 .debug_info    0x0000000000002e5b       0x29 .build/bootstrap_asm.o

.debug_abbrev   0x0000000000000000     0x181e
 .debug_abbrev  0x0000000000000000      0x19e .build/create.o
 .debug_abbrev  0x000000000000019e      0x14a .build/initialize.o
 .debug_abbrev  0x00000000000002e8      0x103 .build/traps.o
 .debug_abbrev  0x00000000000003eb      0x10d .build/join.o
 .debug_abbrev  0x00000000000004f8      0x125 .build/kill.o
 .debug_abbrev  0x000000000000061d      0x10b .build/resume.o
 .debug_abbrev  0x0000000000000728       0xe3 .build/resched.o
 .debug_abbrev  0x000000000000080b      0x10b .build/suspend.o
 .debug_abbrev  0x0000000000000916       0x68 .build/mmap.o
 .debug_abbrev  0x000000000000097e      0x179 .build/uart.o
 .debug_abbrev  0x0000000000000af7       0xba .build/plic.o
 .debug_abbrev  0x0000000000000bb1      0x10f .build/timer.o
 .debug_abbrev  0x0000000000000cc0       0xeb .build/echo.o
 .debug_abbrev  0x0000000000000dab       0x99 .build/hello.o
 .debug_abbrev  0x0000000000000e44      0x14f .build/shell.o
 .debug_abbrev  0x0000000000000f93      0x1c5 .build/msutil.o
 .debug_abbrev  0x0000000000001158      0x270 .build/ms3.o
 .debug_abbrev  0x00000000000013c8      0x147 .build/ms1.o
 .debug_abbrev  0x000000000000150f      0x14d .build/ms2.o
 .debug_abbrev  0x000000000000165c       0x7e .build/barelib.o
 .debug_abbrev  0x00000000000016da       0xf4 .build/printf.o
 .debug_abbrev  0x00000000000017ce       0x14 .build/interrupts_asm.o
 .debug_abbrev  0x00000000000017e2       0x14 .build/ctxsw_asm.o
 .debug_abbrev  0x00000000000017f6       0x14 .build/msutil_asm.o
 .debug_abbrev  0x000000000000180a       0x14 .build/bootstrap_asm.o

.debug_aranges  0x0000000000000000      0x4a0
 .debug_aranges
                0x0000000000000000       0x30 .build/create.o
 .debug_aranges
                0x0000000000000030       0x30 .build/initialize.o
 .debug_aranges
                0x0000000000000060       0x30 .build/traps.o
 .debug_aranges
                0x0000000000000090       0x30 .build/join.o
 .debug_aranges
                0x00000000000000c0       0x30 .build/kill.o
 .debug_aranges
                0x00000000000000f0       0x30 .build/resume.o
 .debug_aranges
                0x0000000000000120       0x30 .build/resched.o
 .debug_aranges
                0x0000000000000150       0x30 .build/suspend.o
 .debug_aranges
                0x0000000000000180       0x20 .build/mmap.o
 .debug_aranges
                0x00000000000001a0       0x30 .build/uart.o
 .debug_aranges
                0x00000000000001d0       0x30 .build/plic.o
 .debug_aranges
                0x0000000000000200       0x30 .build/timer.o
 .debug_aranges
                0x0000000000000230       0x30 .build/echo.o
 .debug_aranges
                0x0000000000000260       0x30 .build/hello.o
 .debug_aranges
                0x0000000000000290       0x30 .build/shell.o
 .debug_aranges
                0x00000000000002c0       0x30 .build/msutil.o
 .debug_aranges
                0x00000000000002f0       0x30 .build/ms3.o
 .debug_aranges
                0x0000000000000320       0x30 .build/ms1.o
 .debug_aranges
                0x0000000000000350       0x30 .build/ms2.o
 .debug_aranges
                0x0000000000000380       0x30 .build/barelib.o
 .debug_aranges
                0x00000000000003b0       0x30 .build/printf.o
 .debug_aranges
                0x00000000000003e0       0x30 .build/interrupts_asm.o
 .debug_aranges
                0x0000000000000410       0x30 .build/ctxsw_asm.o
 .debug_aranges
                0x0000000000000440       0x30 .build/msutil_asm.o
 .debug_aranges
                0x0000000000000470       0x30 .build/bootstrap_asm.o

.debug_line     0x0000000000000000     0x37ef
 .debug_line    0x0000000000000000      0x2ad .build/create.o
 .debug_line    0x00000000000002ad      0x125 .build/initialize.o
 .debug_line    0x00000000000003d2       0xd9 .build/traps.o
 .debug_line    0x00000000000004ab       0xcb .build/join.o
 .debug_line    0x0000000000000576       0xf7 .build/kill.o
 .debug_line    0x000000000000066d       0xab .build/resume.o
 .debug_line    0x0000000000000718      0x100 .build/resched.o
 .debug_line    0x0000000000000818       0xc3 .build/suspend.o
 .debug_line    0x00000000000008db       0x43 .build/mmap.o
 .debug_line    0x000000000000091e      0x2ae .build/uart.o
 .debug_line    0x0000000000000bcc       0xb6 .build/plic.o
 .debug_line    0x0000000000000c82       0xec .build/timer.o
 .debug_line    0x0000000000000d6e      0x12e .build/echo.o
 .debug_line    0x0000000000000e9c       0x96 .build/hello.o
 .debug_line    0x0000000000000f32      0x268 .build/shell.o
 .debug_line    0x000000000000119a      0x675 .build/msutil.o
 .debug_line    0x000000000000180f      0xc45 .build/ms3.o
 .debug_line    0x0000000000002454      0x580 .build/ms1.o
 .debug_line    0x00000000000029d4      0x5ed .build/ms2.o
 .debug_line    0x0000000000002fc1      0x10a .build/barelib.o
 .debug_line    0x00000000000030cb      0x1ba .build/printf.o
 .debug_line    0x0000000000003285       0x88 .build/interrupts_asm.o
 .debug_line    0x000000000000330d      0x1e6 .build/ctxsw_asm.o
 .debug_line    0x00000000000034f3      0x1b6 .build/msutil_asm.o
 .debug_line    0x00000000000036a9      0x146 .build/bootstrap_asm.o

.debug_str      0x0000000000000000      0x950
 .debug_str     0x0000000000000000      0x950 .build/create.o
                                        0x1c6 (size before relaxing)
 .debug_str     0x0000000000000950      0x1d6 .build/initialize.o
 .debug_str     0x0000000000000950      0x152 .build/traps.o
 .debug_str     0x0000000000000950      0x17a .build/join.o
 .debug_str     0x0000000000000950      0x173 .build/kill.o
 .debug_str     0x0000000000000950      0x175 .build/resume.o
 .debug_str     0x0000000000000950      0x15b .build/resched.o
 .debug_str     0x0000000000000950      0x176 .build/suspend.o
 .debug_str     0x0000000000000950      0x17c .build/mmap.o
 .debug_str     0x0000000000000950      0x1b9 .build/uart.o
 .debug_str     0x0000000000000950      0x11e .build/plic.o
 .debug_str     0x0000000000000950      0x168 .build/timer.o
 .debug_str     0x0000000000000950      0x10a .build/echo.o
 .debug_str     0x0000000000000950       0xe2 .build/hello.o
 .debug_str     0x0000000000000950      0x163 .build/shell.o
 .debug_str     0x0000000000000950      0x212 .build/msutil.o
 .debug_str     0x0000000000000950      0x45d .build/ms3.o
 .debug_str     0x0000000000000950      0x23a .build/ms1.o
 .debug_str     0x0000000000000950      0x278 .build/ms2.o
 .debug_str     0x0000000000000950       0x7e .build/barelib.o
 .debug_str     0x0000000000000950      0x121 .build/printf.o
 .debug_str     0x0000000000000950       0x3a .build/interrupts_asm.o
 .debug_str     0x0000000000000950       0x35 .build/ctxsw_asm.o
 .debug_str     0x0000000000000950       0x37 .build/msutil_asm.o
 .debug_str     0x0000000000000950       0x2b .build/bootstrap_asm.o

.debug_line_str
                0x0000000000000000      0x284
 .debug_line_str
                0x0000000000000000      0x284 .build/create.o
                                         0x8c (size before relaxing)
 .debug_line_str
                0x0000000000000284       0xa9 .build/initialize.o
 .debug_line_str
                0x0000000000000284       0x73 .build/traps.o
 .debug_line_str
                0x0000000000000284       0x86 .build/join.o
 .debug_line_str
                0x0000000000000284       0x86 .build/kill.o
 .debug_line_str
                0x0000000000000284       0x8c .build/resume.o
 .debug_line_str
                0x0000000000000284       0x82 .build/resched.o
 .debug_line_str
                0x0000000000000284       0x8f .build/suspend.o
 .debug_line_str
                0x0000000000000284       0x70 .build/mmap.o
 .debug_line_str
                0x0000000000000284       0x7d .build/uart.o
 .debug_line_str
                0x0000000000000284       0x7d .build/plic.o
 .debug_line_str
                0x0000000000000284       0x80 .build/timer.o
 .debug_line_str
                0x0000000000000284       0x73 .build/echo.o
 .debug_line_str
                0x0000000000000284       0x76 .build/hello.o
 .debug_line_str
                0x0000000000000284       0x87 .build/shell.o
 .debug_line_str
                0x0000000000000284       0x78 .build/msutil.o
 .debug_line_str
                0x0000000000000284       0x78 .build/ms3.o
 .debug_line_str
                0x0000000000000284       0x78 .build/ms1.o
 .debug_line_str
                0x0000000000000284       0x6f .build/ms2.o
 .debug_line_str
                0x0000000000000284       0x5a .build/barelib.o
 .debug_line_str
                0x0000000000000284       0x79 .build/printf.o
 .debug_line_str
                0x0000000000000284       0x2e .build/interrupts_asm.o
 .debug_line_str
                0x0000000000000284       0x29 .build/ctxsw_asm.o
 .debug_line_str
                0x0000000000000284       0x2b .build/msutil_asm.o
 .debug_line_str
                0x0000000000000284       0x1f .build/bootstrap_asm.o

.comment        0x0000000000000000        0xf
 .comment       0x0000000000000000        0xf .build/create.o
                                         0x10 (size before relaxing)
 .comment       0x000000000000000f       0x10 .build/initialize.o
 .comment       0x000000000000000f       0x10 .build/traps.o
 .comment       0x000000000000000f       0x10 .build/join.o
 .comment       0x000000000000000f       0x10 .build/kill.o
 .comment       0x000000000000000f       0x10 .build/resume.o
 .comment       0x000000000000000f       0x10 .build/resched.o
 .comment       0x000000000000000f       0x10 .build/suspend.o
 .comment       0x000000000000000f       0x10 .build/mmap.o
 .comment       0x000000000000000f       0x10 .build/uart.o
 .comment       0x000000000000000f       0x10 .build/plic.o
 .comment       0x000000000000000f       0x10 .build/timer.o
 .comment       0x000000000000000f       0x10 .build/echo.o
 .comment       0x000000000000000f       0x10 .build/hello.o
 .comment       0x000000000000000f       0x10 .build/shell.o
 .comment       0x000000000000000f       0x10 .build/msutil.o
 .comment       0x000000000000000f       0x10 .build/ms3.o
 .comment       0x000000000000000f       0x10 .build/ms1.o
 .comment       0x000000000000000f       0x10 .build/ms2.o
 .comment       0x000000000000000f       0x10 .build/barelib.o
 .comment       0x000000000000000f       0x10 .build/printf.o

.note.GNU-stack
                0x0000000000000000        0x0
 .note.GNU-stack
                0x0000000000000000        0x0 .build/create.o
 .note.GNU-stack
                0x0000000000000000        0x0 .build/initialize.o
 .note.GNU-stack
                0x0000000000000000        0x0 .build/traps.o
 .note.GNU-stack
                0x0000000000000000        0x0 .build/join.o
 .note.GNU-stack
                0x0000000000000000        0x0 .build/kill.o
 .note.GNU-stack
                0x0000000000000000        0x0 .build/resume.o
 .note.GNU-stack
                0x0000000000000000        0x0 .build/resched.o
 .note.GNU-stack
                0x0000000000000000        0x0 .build/suspend.o
 .note.GNU-stack
                0x0000000000000000        0x0 .build/mmap.o
 .note.GNU-stack
                0x0000000000000000        0x0 .build/uart.o
 .note.GNU-stack
                0x0000000000000000        0x0 .build/plic.o
 .note.GNU-stack
                0x0000000000000000        0x0 .build/timer.o
 .note.GNU-stack
                0x0000000000000000        0x0 .build/echo.o
 .note.GNU-stack
                0x0000000000000000        0x0 .build/hello.o
 .note.GNU-stack
                0x0000000000000000        0x0 .build/shell.o
 .note.GNU-stack
                0x0000000000000000        0x0 .build/msutil.o
 .note.GNU-stack
                0x0000000000000000        0x0 .build/ms3.o
 .note.GNU-stack
                0x0000000000000000        0x0 .build/ms1.o
 .note.GNU-stack
                0x0000000000000000        0x0 .build/ms2.o
 .note.GNU-stack
                0x0000000000000000        0x0 .build/barelib.o
 .note.GNU-stack
                0x0000000000000000        0x0 .build/printf.o

.riscv.attributes
                0x0000000000000000       0x41
 .riscv.attributes
                0x0000000000000000       0x34 .build/create.o
 .riscv.attributes
                0x0000000000000034       0x34 .build/initialize.o
 .riscv.attributes
                0x0000000000000068       0x38 .build/traps.o
 .riscv.attributes
                0x00000000000000a0       0x34 .build/join.o
 .riscv.attributes
                0x00000000000000d4       0x34 .build/kill.o
 .riscv.attributes
                0x0000000000000108       0x34 .build/resume.o
 .riscv.attributes
                0x000000000000013c       0x34 .build/resched.o
 .riscv.attributes
                0x0000000000000170       0x34 .build/suspend.o
 .riscv.attributes
                0x00000000000001a4       0x34 .build/mmap.o
 .riscv.attributes
                0x00000000000001d8       0x34 .build/uart.o
 .riscv.attributes
                0x000000000000020c       0x38 .build/plic.o
 .riscv.attributes
                0x0000000000000244       0x38 .build/timer.o
 .riscv.attributes
                0x000000000000027c       0x34 .build/echo.o
 .riscv.attributes
                0x00000000000002b0       0x34 .build/hello.o
 .riscv.attributes
                0x00000000000002e4       0x34 .build/shell.o
 .riscv.attributes
                0x0000000000000318       0x34 .build/msutil.o
 .riscv.attributes
                0x000000000000034c       0x38 .build/ms3.o
 .riscv.attributes
                0x0000000000000384       0x34 .build/ms1.o
 .riscv.attributes
                0x00000000000003b8       0x34 .build/ms2.o
 .riscv.attributes
                0x00000000000003ec       0x34 .build/barelib.o
 .riscv.attributes
                0x0000000000000420       0x34 .build/printf.o
 .riscv.attributes
                0x0000000000000454       0x3f .build/interrupts_asm.o
 .riscv.attributes
                0x0000000000000493       0x3f .build/ctxsw_asm.o
 .riscv.attributes
                0x00000000000004d2       0x32 .build/msutil_asm.o
 .riscv.attributes
                0x0000000000000504       0x3f .build/bootstrap_asm.o
