
There are no discarded input sections

Memory Configuration

Name             Origin             Length             Attributes
_sysmem          0x0000000080000000 0x0000000008000000 axw!rl
*default*        0x0000000000000000 0xffffffffffffffff

Linker script and memory map


.text           0x0000000080000000     0x1db0
                0x0000000080000000                PROVIDE (_mmap_text_start = ABSOLUTE (.))
 *(.text.entry)
 .text.entry    0x0000000080000000      0x16c .build/bootstrap_asm.o
                0x0000000080000074                __noop
 *(.text .text.*)
 .text          0x000000008000016c      0x27a .build/create.o
                0x000000008000016c                wrapper
                0x00000000800001e8                create_thread
 .text          0x00000000800003e6      0x296 .build/initialize.o
                0x00000000800003e6                initialize
 .text          0x000000008000067c       0xde .build/traps.o
                0x000000008000067c                __sys_capture_syscall
                0x000000008000068a                raise_syscall
                0x00000000800006d6                handle_exception
 .text          0x000000008000075a      0x2de .build/queue.o
                0x000000008000075a                thread_enqueue
                0x000000008000088e                thread_dequeue
                0x000000008000097c                thread_remove
 .text          0x0000000080000a38      0x360 .build/sleep.o
                0x0000000080000a38                sleep
                0x0000000080000c8e                unsleep
 .text          0x0000000080000d98       0xa2 .build/join.o
                0x0000000080000d98                join_thread
 .text          0x0000000080000e3a       0xca .build/kill.o
                0x0000000080000e3a                kill_thread
 .text          0x0000000080000f04       0x86 .build/resume.o
                0x0000000080000f04                resume_thread
 .text          0x0000000080000f8a      0x110 .build/resched.o
                0x0000000080000f8a                resched
 .text          0x000000008000109a       0x96 .build/suspend.o
                0x000000008000109a                suspend_thread
 .text          0x0000000080001130        0x0 .build/mmap.o
 .text          0x0000000080001130      0x2b0 .build/uart.o
                0x0000000080001130                __sys_putc
                0x0000000080001176                __sys_getc
                0x00000000800011d8                uart_putc
                0x0000000080001204                uart_getc
                0x0000000080001224                set_uart_interrupt
                0x0000000080001296                uart_handler
                0x00000000800012e8                uart_init
 .text          0x00000000800013e0       0xa0 .build/plic.o
                0x00000000800013e0                plic_init
                0x000000008000140c                handle_plic
 .text          0x0000000080001480      0x1e2 .build/timer.o
                0x0000000080001480                clk_init
                0x00000000800014ac                handle_clk
 .text          0x0000000080001662       0xfa .build/echo.o
                0x0000000080001662                builtin_echo
 .text          0x000000008000175c       0x50 .build/hello.o
                0x000000008000175c                builtin_hello
 .text          0x00000000800017ac      0x244 .build/shell.o
                0x00000000800017ac                command_check
                0x000000008000181c                shell
 .text          0x00000000800019f0       0x9a .build/barelib.o
                0x00000000800019f0                memset
                0x0000000080001a3c                memcpy
 .text          0x0000000080001a8a      0x1ee .build/printf.o
                0x0000000080001a8a                convert_to_hex_or_dec
                0x0000000080001b0e                printf
 .text          0x0000000080001c78       0x20 .build/interrupts_asm.o
                0x0000000080001c78                set_interrupt
                0x0000000080001c7e                disable_interrupts
                0x0000000080001c84                enable_interrupts
                0x0000000080001c8a                restore_interrupts
                0x0000000080001c90                is_interrupting
 .text          0x0000000080001c98      0x116 .build/ctxsw_asm.o
                0x0000000080001c98                _sys_thread_loaded
                0x0000000080001c9c                ctxsw
                0x0000000080001d96                ctxload
 .text          0x0000000080001dae        0x0 .build/bootstrap_asm.o
                0x0000000080001db0                . = ALIGN (0x4)
 *fill*         0x0000000080001dae        0x2 
                0x0000000080001db0                PROVIDE (_mmap_text_end = ABSOLUTE (.))

.rodata         0x0000000080002000       0xf1
                0x0000000080002000                PROVIDE (_mmap_data_start = ABSOLUTE (.))
 *(.srodata .srodata.*)
 .srodata       0x0000000080002000        0x4 .build/timer.o
                0x0000000080002000                timer_interval
 *(.rodata .rodata.*)
 *fill*         0x0000000080002004        0x4 
 .rodata        0x0000000080002008       0x7d .build/initialize.o
 *fill*         0x0000000080002085        0x3 
 .rodata        0x0000000080002088        0x4 .build/echo.o
 *fill*         0x000000008000208c        0x4 
 .rodata        0x0000000080002090       0x26 .build/hello.o
 *fill*         0x00000000800020b6        0x2 
 .rodata        0x00000000800020b8       0x39 .build/shell.o

.eh_frame       0x00000000800020f8      0x65c
 .eh_frame      0x00000000800020f8       0x70 .build/create.o
 .eh_frame      0x0000000080002168       0x30 .build/initialize.o
                                         0x40 (size before relaxing)
 .eh_frame      0x0000000080002198       0xb8 .build/traps.o
                                         0xc8 (size before relaxing)
 .eh_frame      0x0000000080002250       0x70 .build/queue.o
                                         0x88 (size before relaxing)
 .eh_frame      0x00000000800022c0       0x58 .build/sleep.o
                                         0x70 (size before relaxing)
 .eh_frame      0x0000000080002318       0x28 .build/join.o
                                         0x40 (size before relaxing)
 .eh_frame      0x0000000080002340       0x28 .build/kill.o
                                         0x40 (size before relaxing)
 .eh_frame      0x0000000080002368       0x28 .build/resume.o
                                         0x40 (size before relaxing)
 .eh_frame      0x0000000080002390       0x30 .build/resched.o
                                         0x40 (size before relaxing)
 .eh_frame      0x00000000800023c0       0x28 .build/suspend.o
                                         0x40 (size before relaxing)
 .eh_frame      0x00000000800023e8      0x110 .build/uart.o
                                        0x120 (size before relaxing)
 .eh_frame      0x00000000800024f8       0x90 .build/plic.o
                                         0xa8 (size before relaxing)
 .eh_frame      0x0000000080002588       0x90 .build/timer.o
                                         0xa8 (size before relaxing)
 .eh_frame      0x0000000080002618       0x30 .build/echo.o
                                         0x40 (size before relaxing)
 .eh_frame      0x0000000080002648       0x28 .build/hello.o
                                         0x40 (size before relaxing)
 .eh_frame      0x0000000080002670       0x48 .build/shell.o
                                         0x58 (size before relaxing)
 .eh_frame      0x00000000800026b8       0x48 .build/barelib.o
                                         0x60 (size before relaxing)
 .eh_frame      0x0000000080002700       0x54 .build/printf.o
                                         0x68 (size before relaxing)

.rela.dyn       0x0000000080002758        0x0
 .rela.sdata    0x0000000080002758        0x0 .build/create.o
 .rela.text.entry
                0x0000000080002758        0x0 .build/create.o

.data           0x0000000080002758       0x70
                [!provide]                        PROVIDE (_mmap_write_start = ABSOLUTE (.))
 *(.sdata .sdata.*)
 .sdata         0x0000000080002758       0x14 .build/traps.o
                0x0000000080002758                syscall_table
                0x0000000080002760                sys_syscall_hook
 .sdata         0x000000008000276c        0x8 .build/queue.o
                0x000000008000276c                ready_list
                0x0000000080002770                sleep_list
 *fill*         0x0000000080002774        0x4 
 .sdata         0x0000000080002778       0x38 .build/mmap.o
                0x0000000080002778                text_start
                0x0000000080002780                text_end
                0x0000000080002788                data_start
                0x0000000080002790                data_end
                0x0000000080002798                bss_start
                0x00000000800027a0                mem_start
                0x00000000800027a8                mem_end
 .sdata         0x00000000800027b0       0x10 .build/uart.o
                0x00000000800027b0                sys_putc_hook
                0x00000000800027b8                sys_getc_hook
 .sdata         0x00000000800027c0        0x8 .build/timer.o
                0x00000000800027c0                clint_timer_addr
 *(.data .data.*)
 .data          0x00000000800027c8        0x0 .build/create.o
 .data          0x00000000800027c8        0x0 .build/initialize.o
 .data          0x00000000800027c8        0x0 .build/traps.o
 .data          0x00000000800027c8        0x0 .build/queue.o
 .data          0x00000000800027c8        0x0 .build/sleep.o
 .data          0x00000000800027c8        0x0 .build/join.o
 .data          0x00000000800027c8        0x0 .build/kill.o
 .data          0x00000000800027c8        0x0 .build/resume.o
 .data          0x00000000800027c8        0x0 .build/resched.o
 .data          0x00000000800027c8        0x0 .build/suspend.o
 .data          0x00000000800027c8        0x0 .build/mmap.o
 .data          0x00000000800027c8        0x0 .build/uart.o
 .data          0x00000000800027c8        0x0 .build/plic.o
 .data          0x00000000800027c8        0x0 .build/timer.o
 .data          0x00000000800027c8        0x0 .build/echo.o
 .data          0x00000000800027c8        0x0 .build/hello.o
 .data          0x00000000800027c8        0x0 .build/shell.o
 .data          0x00000000800027c8        0x0 .build/barelib.o
 .data          0x00000000800027c8        0x0 .build/printf.o
 .data          0x00000000800027c8        0x0 .build/interrupts_asm.o
 .data          0x00000000800027c8        0x0 .build/ctxsw_asm.o
 .data          0x00000000800027c8        0x0 .build/bootstrap_asm.o
                0x00000000800027c8                PROVIDE (_mmap_data_end = ABSOLUTE (.))

.bss            0x00000000800027c8      0x3d0
                0x00000000800027c8                PROVIDE (_mmap_bss_start = ABSOLUTE (.))
 *(.sbss .sbss.*)
 .sbss          0x00000000800027c8        0x4 .build/create.o
                0x00000000800027c8                current_thread
 .sbss          0x00000000800027cc        0x4 .build/initialize.o
                0x00000000800027cc                boot_complete
 .sbss          0x00000000800027d0        0x4 .build/shell.o
                0x00000000800027d0                result
 *(.bss .bss.*)
 *fill*         0x00000000800027d4        0x4 
 .bss           0x00000000800027d8      0x2a0 .build/create.o
                0x00000000800027d8                thread_table
 .bss           0x0000000080002a78        0x0 .build/initialize.o
 .bss           0x0000000080002a78        0x4 .build/traps.o
 *fill*         0x0000000080002a7c        0x4 
 .bss           0x0000000080002a80      0x108 .build/queue.o
                0x0000000080002a80                thread_queue
 .bss           0x0000000080002b88        0x0 .build/sleep.o
 .bss           0x0000000080002b88        0x0 .build/join.o
 .bss           0x0000000080002b88        0x0 .build/kill.o
 .bss           0x0000000080002b88        0x0 .build/resume.o
 .bss           0x0000000080002b88        0x0 .build/resched.o
 .bss           0x0000000080002b88        0x0 .build/suspend.o
 .bss           0x0000000080002b88        0x0 .build/mmap.o
 .bss           0x0000000080002b88       0x10 .build/uart.o
 .bss           0x0000000080002b98        0x0 .build/plic.o
 .bss           0x0000000080002b98        0x0 .build/timer.o
 .bss           0x0000000080002b98        0x0 .build/echo.o
 .bss           0x0000000080002b98        0x0 .build/hello.o
 .bss           0x0000000080002b98        0x0 .build/shell.o
 .bss           0x0000000080002b98        0x0 .build/barelib.o
 .bss           0x0000000080002b98        0x0 .build/printf.o
 .bss           0x0000000080002b98        0x0 .build/interrupts_asm.o
 .bss           0x0000000080002b98        0x0 .build/ctxsw_asm.o
 .bss           0x0000000080002b98        0x0 .build/bootstrap_asm.o
                [!provide]                        PROVIDE (_mmap_bss_end = ABSOLUTE (.))
                0x000000008000ab98                . = (. + 0x8000)
                0x000000008000ab98                PROVIDE (_mmap_kstack_top = ABSOLUTE (.))
                0x000000008000bb98                . = (. + 0x1000)
                0x0000000080002800                PROVIDE (_mmap_global_ptr = (_mmap_data_start + 0x800))
                0x000000008000bb98                PROVIDE (_mmap_mem_start = ABSOLUTE (.))
                0x0000000087ffffff                PROVIDE (_mmap_mem_end = ((ORIGIN (_sysmem) + LENGTH (_sysmem)) - 0x1))
LOAD .build/create.o
LOAD .build/initialize.o
LOAD .build/traps.o
LOAD .build/queue.o
LOAD .build/sleep.o
LOAD .build/join.o
LOAD .build/kill.o
LOAD .build/resume.o
LOAD .build/resched.o
LOAD .build/suspend.o
LOAD .build/mmap.o
LOAD .build/uart.o
LOAD .build/plic.o
LOAD .build/timer.o
LOAD .build/echo.o
LOAD .build/hello.o
LOAD .build/shell.o
LOAD .build/barelib.o
LOAD .build/printf.o
LOAD .build/interrupts_asm.o
LOAD .build/ctxsw_asm.o
LOAD .build/bootstrap_asm.o
OUTPUT(.build/kernel.elf elf64-littleriscv)

.debug_info     0x0000000000000000     0x2249
 .debug_info    0x0000000000000000      0x2a6 .build/create.o
 .debug_info    0x00000000000002a6      0x2e4 .build/initialize.o
 .debug_info    0x000000000000058a      0x158 .build/traps.o
 .debug_info    0x00000000000006e2      0x2b2 .build/queue.o
 .debug_info    0x0000000000000994      0x2b7 .build/sleep.o
 .debug_info    0x0000000000000c4b      0x186 .build/join.o
 .debug_info    0x0000000000000dd1      0x1aa .build/kill.o
 .debug_info    0x0000000000000f7b      0x19c .build/resume.o
 .debug_info    0x0000000000001117      0x1a1 .build/resched.o
 .debug_info    0x00000000000012b8      0x18b .build/suspend.o
 .debug_info    0x0000000000001443      0x134 .build/mmap.o
 .debug_info    0x0000000000001577      0x27b .build/uart.o
 .debug_info    0x00000000000017f2       0xe5 .build/plic.o
 .debug_info    0x00000000000018d7      0x21d .build/timer.o
 .debug_info    0x0000000000001af4      0x168 .build/echo.o
 .debug_info    0x0000000000001c5c       0xc7 .build/hello.o
 .debug_info    0x0000000000001d23      0x235 .build/shell.o
 .debug_info    0x0000000000001f58       0xcd .build/barelib.o
 .debug_info    0x0000000000002025      0x1aa .build/printf.o
 .debug_info    0x00000000000021cf       0x28 .build/interrupts_asm.o
 .debug_info    0x00000000000021f7       0x29 .build/ctxsw_asm.o
 .debug_info    0x0000000000002220       0x29 .build/bootstrap_asm.o

.debug_abbrev   0x0000000000000000     0x144b
 .debug_abbrev  0x0000000000000000      0x19e .build/create.o
 .debug_abbrev  0x000000000000019e      0x168 .build/initialize.o
 .debug_abbrev  0x0000000000000306      0x103 .build/traps.o
 .debug_abbrev  0x0000000000000409      0x14b .build/queue.o
 .debug_abbrev  0x0000000000000554      0x156 .build/sleep.o
 .debug_abbrev  0x00000000000006aa      0x10d .build/join.o
 .debug_abbrev  0x00000000000007b7      0x126 .build/kill.o
 .debug_abbrev  0x00000000000008dd      0x10c .build/resume.o
 .debug_abbrev  0x00000000000009e9       0xe9 .build/resched.o
 .debug_abbrev  0x0000000000000ad2      0x10c .build/suspend.o
 .debug_abbrev  0x0000000000000bde       0x68 .build/mmap.o
 .debug_abbrev  0x0000000000000c46      0x179 .build/uart.o
 .debug_abbrev  0x0000000000000dbf       0xba .build/plic.o
 .debug_abbrev  0x0000000000000e79      0x151 .build/timer.o
 .debug_abbrev  0x0000000000000fca       0xeb .build/echo.o
 .debug_abbrev  0x00000000000010b5       0x99 .build/hello.o
 .debug_abbrev  0x000000000000114e      0x14f .build/shell.o
 .debug_abbrev  0x000000000000129d       0x7e .build/barelib.o
 .debug_abbrev  0x000000000000131b       0xf4 .build/printf.o
 .debug_abbrev  0x000000000000140f       0x14 .build/interrupts_asm.o
 .debug_abbrev  0x0000000000001423       0x14 .build/ctxsw_asm.o
 .debug_abbrev  0x0000000000001437       0x14 .build/bootstrap_asm.o

.debug_aranges  0x0000000000000000      0x410
 .debug_aranges
                0x0000000000000000       0x30 .build/create.o
 .debug_aranges
                0x0000000000000030       0x30 .build/initialize.o
 .debug_aranges
                0x0000000000000060       0x30 .build/traps.o
 .debug_aranges
                0x0000000000000090       0x30 .build/queue.o
 .debug_aranges
                0x00000000000000c0       0x30 .build/sleep.o
 .debug_aranges
                0x00000000000000f0       0x30 .build/join.o
 .debug_aranges
                0x0000000000000120       0x30 .build/kill.o
 .debug_aranges
                0x0000000000000150       0x30 .build/resume.o
 .debug_aranges
                0x0000000000000180       0x30 .build/resched.o
 .debug_aranges
                0x00000000000001b0       0x30 .build/suspend.o
 .debug_aranges
                0x00000000000001e0       0x20 .build/mmap.o
 .debug_aranges
                0x0000000000000200       0x30 .build/uart.o
 .debug_aranges
                0x0000000000000230       0x30 .build/plic.o
 .debug_aranges
                0x0000000000000260       0x30 .build/timer.o
 .debug_aranges
                0x0000000000000290       0x30 .build/echo.o
 .debug_aranges
                0x00000000000002c0       0x30 .build/hello.o
 .debug_aranges
                0x00000000000002f0       0x30 .build/shell.o
 .debug_aranges
                0x0000000000000320       0x30 .build/barelib.o
 .debug_aranges
                0x0000000000000350       0x30 .build/printf.o
 .debug_aranges
                0x0000000000000380       0x30 .build/interrupts_asm.o
 .debug_aranges
                0x00000000000003b0       0x30 .build/ctxsw_asm.o
 .debug_aranges
                0x00000000000003e0       0x30 .build/bootstrap_asm.o

.debug_line     0x0000000000000000     0x1dac
 .debug_line    0x0000000000000000      0x2ad .build/create.o
 .debug_line    0x00000000000002ad      0x1b0 .build/initialize.o
 .debug_line    0x000000000000045d       0xd9 .build/traps.o
 .debug_line    0x0000000000000536      0x1d7 .build/queue.o
 .debug_line    0x000000000000070d      0x272 .build/sleep.o
 .debug_line    0x000000000000097f       0xcb .build/join.o
 .debug_line    0x0000000000000a4a      0x104 .build/kill.o
 .debug_line    0x0000000000000b4e       0xb8 .build/resume.o
 .debug_line    0x0000000000000c06       0xf7 .build/resched.o
 .debug_line    0x0000000000000cfd       0xce .build/suspend.o
 .debug_line    0x0000000000000dcb       0x43 .build/mmap.o
 .debug_line    0x0000000000000e0e      0x2ae .build/uart.o
 .debug_line    0x00000000000010bc       0xb6 .build/plic.o
 .debug_line    0x0000000000001172      0x196 .build/timer.o
 .debug_line    0x0000000000001308      0x12e .build/echo.o
 .debug_line    0x0000000000001436       0x96 .build/hello.o
 .debug_line    0x00000000000014cc      0x268 .build/shell.o
 .debug_line    0x0000000000001734      0x10a .build/barelib.o
 .debug_line    0x000000000000183e      0x1ba .build/printf.o
 .debug_line    0x00000000000019f8       0x88 .build/interrupts_asm.o
 .debug_line    0x0000000000001a80      0x1e6 .build/ctxsw_asm.o
 .debug_line    0x0000000000001c66      0x146 .build/bootstrap_asm.o

.debug_str      0x0000000000000000      0x5d9
 .debug_str     0x0000000000000000      0x5d9 .build/create.o
                                        0x1c6 (size before relaxing)
 .debug_str     0x00000000000005d9      0x214 .build/initialize.o
 .debug_str     0x00000000000005d9      0x152 .build/traps.o
 .debug_str     0x00000000000005d9      0x1b6 .build/queue.o
 .debug_str     0x00000000000005d9      0x1f8 .build/sleep.o
 .debug_str     0x00000000000005d9      0x17a .build/join.o
 .debug_str     0x00000000000005d9      0x181 .build/kill.o
 .debug_str     0x00000000000005d9      0x18f .build/resume.o
 .debug_str     0x00000000000005d9      0x184 .build/resched.o
 .debug_str     0x00000000000005d9      0x184 .build/suspend.o
 .debug_str     0x00000000000005d9      0x17c .build/mmap.o
 .debug_str     0x00000000000005d9      0x1b9 .build/uart.o
 .debug_str     0x00000000000005d9      0x11e .build/plic.o
 .debug_str     0x00000000000005d9      0x1b8 .build/timer.o
 .debug_str     0x00000000000005d9      0x10a .build/echo.o
 .debug_str     0x00000000000005d9       0xe2 .build/hello.o
 .debug_str     0x00000000000005d9      0x163 .build/shell.o
 .debug_str     0x00000000000005d9       0x7e .build/barelib.o
 .debug_str     0x00000000000005d9      0x121 .build/printf.o
 .debug_str     0x00000000000005d9       0x46 .build/interrupts_asm.o
 .debug_str     0x00000000000005d9       0x41 .build/ctxsw_asm.o
 .debug_str     0x00000000000005d9       0x37 .build/bootstrap_asm.o

.debug_line_str
                0x0000000000000000      0x25d
 .debug_line_str
                0x0000000000000000      0x25d .build/create.o
                                         0xa4 (size before relaxing)
 .debug_line_str
                0x000000000000025d       0xc9 .build/initialize.o
 .debug_line_str
                0x000000000000025d       0x8b .build/traps.o
 .debug_line_str
                0x000000000000025d       0x9c .build/queue.o
 .debug_line_str
                0x000000000000025d       0xa9 .build/sleep.o
 .debug_line_str
                0x000000000000025d       0x9e .build/join.o
 .debug_line_str
                0x000000000000025d       0xa6 .build/kill.o
 .debug_line_str
                0x000000000000025d       0xac .build/resume.o
 .debug_line_str
                0x000000000000025d       0xa2 .build/resched.o
 .debug_line_str
                0x000000000000025d       0xaf .build/suspend.o
 .debug_line_str
                0x000000000000025d       0x88 .build/mmap.o
 .debug_line_str
                0x000000000000025d       0x95 .build/uart.o
 .debug_line_str
                0x000000000000025d       0x95 .build/plic.o
 .debug_line_str
                0x000000000000025d       0xa8 .build/timer.o
 .debug_line_str
                0x000000000000025d       0x8b .build/echo.o
 .debug_line_str
                0x000000000000025d       0x8e .build/hello.o
 .debug_line_str
                0x000000000000025d       0x9f .build/shell.o
 .debug_line_str
                0x000000000000025d       0x72 .build/barelib.o
 .debug_line_str
                0x000000000000025d       0x91 .build/printf.o
 .debug_line_str
                0x000000000000025d       0x3a .build/interrupts_asm.o
 .debug_line_str
                0x000000000000025d       0x35 .build/ctxsw_asm.o
 .debug_line_str
                0x000000000000025d       0x2b .build/bootstrap_asm.o

.comment        0x0000000000000000        0xf
 .comment       0x0000000000000000        0xf .build/create.o
                                         0x10 (size before relaxing)
 .comment       0x000000000000000f       0x10 .build/initialize.o
 .comment       0x000000000000000f       0x10 .build/traps.o
 .comment       0x000000000000000f       0x10 .build/queue.o
 .comment       0x000000000000000f       0x10 .build/sleep.o
 .comment       0x000000000000000f       0x10 .build/join.o
 .comment       0x000000000000000f       0x10 .build/kill.o
 .comment       0x000000000000000f       0x10 .build/resume.o
 .comment       0x000000000000000f       0x10 .build/resched.o
 .comment       0x000000000000000f       0x10 .build/suspend.o
 .comment       0x000000000000000f       0x10 .build/mmap.o
 .comment       0x000000000000000f       0x10 .build/uart.o
 .comment       0x000000000000000f       0x10 .build/plic.o
 .comment       0x000000000000000f       0x10 .build/timer.o
 .comment       0x000000000000000f       0x10 .build/echo.o
 .comment       0x000000000000000f       0x10 .build/hello.o
 .comment       0x000000000000000f       0x10 .build/shell.o
 .comment       0x000000000000000f       0x10 .build/barelib.o
 .comment       0x000000000000000f       0x10 .build/printf.o

.note.GNU-stack
                0x0000000000000000        0x0
 .note.GNU-stack
                0x0000000000000000        0x0 .build/create.o
 .note.GNU-stack
                0x0000000000000000        0x0 .build/initialize.o
 .note.GNU-stack
                0x0000000000000000        0x0 .build/traps.o
 .note.GNU-stack
                0x0000000000000000        0x0 .build/queue.o
 .note.GNU-stack
                0x0000000000000000        0x0 .build/sleep.o
 .note.GNU-stack
                0x0000000000000000        0x0 .build/join.o
 .note.GNU-stack
                0x0000000000000000        0x0 .build/kill.o
 .note.GNU-stack
                0x0000000000000000        0x0 .build/resume.o
 .note.GNU-stack
                0x0000000000000000        0x0 .build/resched.o
 .note.GNU-stack
                0x0000000000000000        0x0 .build/suspend.o
 .note.GNU-stack
                0x0000000000000000        0x0 .build/mmap.o
 .note.GNU-stack
                0x0000000000000000        0x0 .build/uart.o
 .note.GNU-stack
                0x0000000000000000        0x0 .build/plic.o
 .note.GNU-stack
                0x0000000000000000        0x0 .build/timer.o
 .note.GNU-stack
                0x0000000000000000        0x0 .build/echo.o
 .note.GNU-stack
                0x0000000000000000        0x0 .build/hello.o
 .note.GNU-stack
                0x0000000000000000        0x0 .build/shell.o
 .note.GNU-stack
                0x0000000000000000        0x0 .build/barelib.o
 .note.GNU-stack
                0x0000000000000000        0x0 .build/printf.o

.riscv.attributes
                0x0000000000000000       0x41
 .riscv.attributes
                0x0000000000000000       0x34 .build/create.o
 .riscv.attributes
                0x0000000000000034       0x34 .build/initialize.o
 .riscv.attributes
                0x0000000000000068       0x38 .build/traps.o
 .riscv.attributes
                0x00000000000000a0       0x34 .build/queue.o
 .riscv.attributes
                0x00000000000000d4       0x34 .build/sleep.o
 .riscv.attributes
                0x0000000000000108       0x34 .build/join.o
 .riscv.attributes
                0x000000000000013c       0x34 .build/kill.o
 .riscv.attributes
                0x0000000000000170       0x34 .build/resume.o
 .riscv.attributes
                0x00000000000001a4       0x34 .build/resched.o
 .riscv.attributes
                0x00000000000001d8       0x34 .build/suspend.o
 .riscv.attributes
                0x000000000000020c       0x34 .build/mmap.o
 .riscv.attributes
                0x0000000000000240       0x34 .build/uart.o
 .riscv.attributes
                0x0000000000000274       0x38 .build/plic.o
 .riscv.attributes
                0x00000000000002ac       0x38 .build/timer.o
 .riscv.attributes
                0x00000000000002e4       0x34 .build/echo.o
 .riscv.attributes
                0x0000000000000318       0x34 .build/hello.o
 .riscv.attributes
                0x000000000000034c       0x34 .build/shell.o
 .riscv.attributes
                0x0000000000000380       0x34 .build/barelib.o
 .riscv.attributes
                0x00000000000003b4       0x34 .build/printf.o
 .riscv.attributes
                0x00000000000003e8       0x3f .build/interrupts_asm.o
 .riscv.attributes
                0x0000000000000427       0x3f .build/ctxsw_asm.o
 .riscv.attributes
                0x0000000000000466       0x3f .build/bootstrap_asm.o
